---
source: crates/synapse-core/tests/error_codes_literal.rs
expression: actual
---
{
  "HTTP_BIND_NON_LOOPBACK_REFUSED": "HTTP_BIND_NON_LOOPBACK_REFUSED",
  "HTTP_ORIGIN_REFUSED": "HTTP_ORIGIN_REFUSED",
  "HTTP_SESSION_INVALID": "HTTP_SESSION_INVALID",
  "HTTP_TOKEN_INVALID": "HTTP_TOKEN_INVALID",
  "REFLEX_ACTION_PERMISSION_DENIED": "REFLEX_ACTION_PERMISSION_DENIED",
  "REFLEX_RECURSION_LIMIT": "REFLEX_RECURSION_LIMIT",
  "REPLAY_FORMAT_INVALID": "REPLAY_FORMAT_INVALID",
  "REPLAY_TARGET_INVALID": "REPLAY_TARGET_INVALID",
  "SAFETY_PERMISSION_DENIED": "SAFETY_PERMISSION_DENIED",
  "SAFETY_PROFILE_ACTION_DENIED": "SAFETY_PROFILE_ACTION_DENIED",
  "STORAGE_CF_HARD_CAP_REACHED": "STORAGE_CF_HARD_CAP_REACHED",
  "STORAGE_DISK_PRESSURE_LEVEL_1": "STORAGE_DISK_PRESSURE_LEVEL_1",
  "STORAGE_DISK_PRESSURE_LEVEL_2": "STORAGE_DISK_PRESSURE_LEVEL_2",
  "STORAGE_DISK_PRESSURE_LEVEL_3": "STORAGE_DISK_PRESSURE_LEVEL_3",
  "STORAGE_DISK_PRESSURE_LEVEL_4": "STORAGE_DISK_PRESSURE_LEVEL_4"
}
