---
source: crates/synapse-core/tests/snapshots.rs
expression: "Health\n{\n    ok: true, version: \"0.1.0\".to_owned(), build: \"dev\".to_owned(), pid: 4321,\n    uptime_s: 0, subsystems: BTreeMap::new(),\n}"
---
{
  "ok": true,
  "version": "0.1.0",
  "build": "dev",
  "pid": 4321,
  "uptime_s": 0,
  "subsystems": {}
}
