---
source: crates/synapse-mcp/tests/m3_reflex_history_tool.rs
assertion_line: 188
expression: shape
---
{
  "inputSchema": {
    "$schema": "https://json-schema.org/draft/2020-12/schema",
    "additionalProperties": false,
    "properties": {
      "limit": {
        "default": 50,
        "maximum": 1000,
        "minimum": 0,
        "type": "integer"
      },
      "reflex_id": {
        "default": null,
        "type": [
          "string",
          "null"
        ]
      }
    },
    "title": "ReflexHistoryParams",
    "type": "object"
  },
  "name": "reflex_history",
  "outputSchema": {
    "$defs": {
      "Backend": {
        "enum": [
          "software",
          "vigem",
          "hardware",
          "auto"
        ],
        "type": "string"
      },
      "ReflexHistoryAction": {
        "additionalProperties": true,
        "properties": {
          "kind": {
            "type": "string"
          }
        },
        "required": [
          "kind"
        ],
        "type": "object"
      },
      "ReflexHistoryEvent": {
        "additionalProperties": false,
        "properties": {
          "audit_context": {
            "anyOf": [
              {
                "$ref": "#/$defs/StoredAuditContext"
              },
              {
                "type": "null"
              }
            ]
          },
          "audit_id": {
            "type": "string"
          },
          "details": {
            "default": null
          },
          "error_code": {
            "type": [
              "string",
              "null"
            ]
          },
          "event_id": {
            "type": [
              "string",
              "null"
            ]
          },
          "redacted": {
            "type": "boolean"
          },
          "redactions": {
            "items": {
              "$ref": "#/$defs/StoredRedaction"
            },
            "type": "array"
          },
          "reflex_id": {
            "type": "string"
          },
          "schema_version": {
            "minimum": 0,
            "type": "integer"
          },
          "status": {
            "$ref": "#/$defs/ReflexState"
          },
          "steps": {
            "items": {
              "$ref": "#/$defs/ReflexHistoryStepSchema"
            },
            "type": "array"
          },
          "ts_ns": {
            "minimum": 0,
            "type": "integer"
          }
        },
        "required": [
          "schema_version",
          "audit_id",
          "reflex_id",
          "ts_ns",
          "status",
          "redacted"
        ],
        "type": "object"
      },
      "ReflexHistoryStepSchema": {
        "additionalProperties": false,
        "properties": {
          "action": {
            "$ref": "#/$defs/ReflexHistoryAction"
          },
          "error_code": {
            "type": [
              "string",
              "null"
            ]
          },
          "index": {
            "minimum": 0,
            "type": "integer"
          },
          "status": {
            "type": "string"
          }
        },
        "required": [
          "index",
          "action",
          "status"
        ],
        "type": "object"
      },
      "ReflexState": {
        "enum": [
          "active",
          "action_denied",
          "paused",
          "cancelled",
          "expired",
          "disabled",
          "starved"
        ],
        "type": "string"
      },
      "StoredAppContext": {
        "additionalProperties": false,
        "properties": {
          "gameid": {
            "type": [
              "string",
              "null"
            ]
          },
          "log_path": {
            "type": [
              "string",
              "null"
            ]
          },
          "process_name": {
            "type": [
              "string",
              "null"
            ]
          },
          "process_path": {
            "type": [
              "string",
              "null"
            ]
          },
          "target_id": {
            "type": [
              "string",
              "null"
            ]
          },
          "window_title": {
            "type": [
              "string",
              "null"
            ]
          },
          "world_name": {
            "type": [
              "string",
              "null"
            ]
          },
          "world_path": {
            "type": [
              "string",
              "null"
            ]
          }
        },
        "type": "object"
      },
      "StoredAuditContext": {
        "additionalProperties": false,
        "properties": {
          "app_context": {
            "anyOf": [
              {
                "$ref": "#/$defs/StoredAppContext"
              },
              {
                "type": "null"
              }
            ]
          },
          "backend_policy": {
            "anyOf": [
              {
                "$ref": "#/$defs/StoredBackendPolicy"
              },
              {
                "type": "null"
              }
            ]
          },
          "profile_id": {
            "type": [
              "string",
              "null"
            ]
          },
          "profile_schema_version": {
            "minimum": 0,
            "type": [
              "integer",
              "null"
            ]
          },
          "profile_version": {
            "type": [
              "string",
              "null"
            ]
          },
          "session_id": {
            "type": [
              "string",
              "null"
            ]
          }
        },
        "type": "object"
      },
      "StoredBackendPolicy": {
        "additionalProperties": false,
        "properties": {
          "default": {
            "$ref": "#/$defs/Backend"
          },
          "keyboard_default": {
            "$ref": "#/$defs/Backend"
          },
          "mouse_default": {
            "$ref": "#/$defs/Backend"
          },
          "pad_default": {
            "$ref": "#/$defs/Backend"
          }
        },
        "required": [
          "default",
          "keyboard_default",
          "mouse_default",
          "pad_default"
        ],
        "type": "object"
      },
      "StoredRedaction": {
        "additionalProperties": false,
        "properties": {
          "kind": {
            "type": "string"
          },
          "len": {
            "minimum": 0,
            "type": "integer"
          },
          "offset": {
            "minimum": 0,
            "type": "integer"
          }
        },
        "required": [
          "kind",
          "offset",
          "len"
        ],
        "type": "object"
      }
    },
    "$schema": "https://json-schema.org/draft/2020-12/schema",
    "additionalProperties": false,
    "properties": {
      "events": {
        "items": {
          "$ref": "#/$defs/ReflexHistoryEvent"
        },
        "type": "array"
      }
    },
    "required": [
      "events"
    ],
    "title": "ReflexHistoryResponse",
    "type": "object"
  }
}
